// Vitest Snapshot v1, https://vitest.dev/guide/snapshot.html

exports[`processThemeColors > Process theme colors recursive colors object 1`] = `
{
  "--color-accent": "hsl(292.6122 96.3522% 57.5124%)",
  "--color-accent-100": "hsl(287.8451 100% 95.4466%)",
  "--color-accent-200": "hsl(288.4167 100% 90.6671%)",
  "--color-accent-300": "hsl(292.1393 100% 82.8641%)",
  "--color-accent-400": "hsl(292.7825 100% 70.8783%)",
  "--color-accent-50": "hsl(289.0916 95.9544% 97.7939%)",
  "--color-accent-500": "hsl(292.6122 96.3522% 57.5124%)",
  "--color-accent-600": "hsl(293.9463 100% 43.5771%)",
  "--color-accent-700": "hsl(295.0291 100% 35.8976%)",
  "--color-accent-800": "hsl(295.7977 98.2382% 29.3476%)",
  "--color-accent-900": "hsl(296.7004 72.3479% 27.247%)",
  "--color-accent-content": "hsl(0 0% 100%)",
  "--color-danger": "hsl(356.946 95.8988% 57.7229%)",
  "--color-danger-100": "hsl(359.982 98.7846% 94.2472%)",
  "--color-danger-200": "hsl(359.9472 100% 89.4922%)",
  "--color-danger-300": "hsl(359.7222 100% 81.734%)",
  "--color-danger-400": "hsl(358.748 100% 69.5576%)",
  "--color-danger-50": "hsl(359.9996 88.2079% 97.3213%)",
  "--color-danger-500": "hsl(356.946 95.8988% 57.7229%)",
  "--color-danger-600": "hsl(357.2057 100% 45.3229%)",
  "--color-danger-700": "hsl(357.7206 100% 37.8442%)",
  "--color-danger-800": "hsl(355.9407 91.1549% 32.5499%)",
  "--color-danger-900": "hsl(358.7969 69.3004% 30.075%)",
  "--color-danger-content": "hsl(359.0578 94.0193% 4.3184%)",
  "--color-info": "hsl(216.2564 100% 58.4666%)",
  "--color-info-100": "hsl(214.2845 96.222% 92.7756%)",
  "--color-info-200": "hsl(213.2677 100% 87.2546%)",
  "--color-info-300": "hsl(210.6944 100% 77.8296%)",
  "--color-info-400": "hsl(211.9564 100% 65.79%)",
  "--color-info-50": "hsl(213.7504 96.4852% 96.7906%)",
  "--color-info-500": "hsl(216.2564 100% 58.4666%)",
  "--color-info-600": "hsl(221.3366 97.0631% 53.4981%)",
  "--color-info-700": "hsl(225.3451 84.0953% 48.9841%)",
  "--color-info-800": "hsl(227.0987 75.7431% 41.1352%)",
  "--color-info-900": "hsl(224.8632 67.2785% 33.3285%)",
  "--color-info-content": "hsl(226.5507 94.5113% 4.5837%)",
  "--color-neutral": "hsl(220.0279 10.2643% 46.2976%)",
  "--color-neutral-100": "hsl(220.0003 14.9678% 95.8979%)",
  "--color-neutral-200": "hsl(220.0003 13.5652% 91.0486%)",
  "--color-neutral-300": "hsl(215.9989 13.1233% 84.0013%)",
  "--color-neutral-400": "hsl(217.9005 11.9219% 64.2616%)",
  "--color-neutral-50": "hsl(209.9983 24.1882% 98.0992%)",
  "--color-neutral-500": "hsl(220.0279 10.2643% 46.2976%)",
  "--color-neutral-600": "hsl(214.9937 15.6629% 34.2475%)",
  "--color-neutral-700": "hsl(216.9394 21.105% 26.8119%)",
  "--color-neutral-800": "hsl(214.9924 30.9869% 16.9495%)",
  "--color-neutral-900": "hsl(220.9996 41.6876% 11.0655%)",
  "--color-neutral-content": "hsl(0 0% 100%)",
  "--color-primary": "hsl(221.3366 97.0631% 53.4981%)",
  "--color-primary-100": "hsl(214.2845 96.222% 92.7756%)",
  "--color-primary-200": "hsl(213.2677 100% 87.2546%)",
  "--color-primary-300": "hsl(210.6944 100% 77.8296%)",
  "--color-primary-400": "hsl(211.9564 100% 65.79%)",
  "--color-primary-50": "hsl(213.7504 96.4852% 96.7906%)",
  "--color-primary-500": "hsl(216.2564 100% 58.4666%)",
  "--color-primary-600": "hsl(221.3366 97.0631% 53.4981%)",
  "--color-primary-700": "hsl(225.3451 84.0953% 48.9841%)",
  "--color-primary-800": "hsl(227.0987 75.7431% 41.1352%)",
  "--color-primary-900": "hsl(224.8632 67.2785% 33.3285%)",
  "--color-primary-content": "hsl(0 0% 100%)",
  "--color-secondary": "hsl(24.6441 100% 50%)",
  "--color-secondary-100": "hsl(34.5099 100% 91.6292%)",
  "--color-secondary-200": "hsl(32.2202 100% 82.8417%)",
  "--color-secondary-300": "hsl(31.5676 100% 70.6964%)",
  "--color-secondary-400": "hsl(31.8315 100% 50.6921%)",
  "--color-secondary-50": "hsl(33.7504 100% 96.4632%)",
  "--color-secondary-500": "hsl(24.6441 100% 50%)",
  "--color-secondary-600": "hsl(17.9987 100% 48.0353%)",
  "--color-secondary-700": "hsl(15.7046 100% 39.5941%)",
  "--color-secondary-800": "hsl(16.9704 100% 31.2249%)",
  "--color-secondary-900": "hsl(15.9878 83.1158% 27.0385%)",
  "--color-secondary-content": "hsl(0 0% 100%)",
  "--color-success": "hsl(144.0579 100% 39.3578%)",
  "--color-success-100": "hsl(140.6473 84.3761% 92.4545%)",
  "--color-success-200": "hsl(141.1448 81.0714% 84.817%)",
  "--color-success-300": "hsl(142.6564 81.2473% 71.3902%)",
  "--color-success-400": "hsl(150.0644 95.5607% 44.7591%)",
  "--color-success-50": "hsl(138.4592 76.5139% 96.6798%)",
  "--color-success-500": "hsl(144.0579 100% 39.3578%)",
  "--color-success-600": "hsl(142.2931 100% 32.5651%)",
  "--color-success-700": "hsl(144.6836 100% 25.4999%)",
  "--color-success-800": "hsl(147.7182 97.1538% 20.3636%)",
  "--color-success-900": "hsl(145.734 73.0788% 18.9907%)",
  "--color-success-content": "hsl(128.7384 100% 2.8818%)",
  "--color-surface-100": "hsl(0 0% 100%)",
  "--color-surface-200": "hsl(220.0003 13.5652% 91.0486%)",
  "--color-surface-300": "hsl(215.9989 13.1233% 84.0013%)",
  "--color-surface-content": "hsl(220.9996 41.6876% 11.0655%)",
  "--color-warning": "hsl(36.3337 100% 49.7136%)",
  "--color-warning-100": "hsl(47.994 97.3389% 88.7262%)",
  "--color-warning-200": "hsl(48.0232 98.2285% 75.896%)",
  "--color-warning-300": "hsl(46.9903 100% 59.3803%)",
  "--color-warning-400": "hsl(43.6353 100% 50%)",
  "--color-warning-50": "hsl(48.3807 100% 95.9997%)",
  "--color-warning-500": "hsl(36.3337 100% 49.7136%)",
  "--color-warning-600": "hsl(30.0996 100% 44.1884%)",
  "--color-warning-700": "hsl(24.6812 100% 36.5894%)",
  "--color-warning-800": "hsl(23.7595 100% 29.5153%)",
  "--color-warning-900": "hsl(23.0369 90.1705% 25.264%)",
  "--color-warning-content": "hsl(23.327 100% 4.2669%)",
  "accent-950": "oklch(0.293 0.136 325.661)",
  "color-scheme": "light",
  "danger-950": "oklch(0.258 0.092 26.042)",
  "info-950": "oklch(0.282 0.091 267.935)",
  "neutral-950": "oklch(0.13 0.028 261.692)",
  "primary-950": "oklch(0.282 0.091 267.935)",
  "secondary-950": "oklch(0.266 0.079 36.259)",
  "success-950": "oklch(0.266 0.065 152.934)",
  "warning-950": "oklch(0.279 0.077 45.635)",
}
`;
